$ node --env-file-if-exists=.env --experimental-strip-types src/batch/runner.ts --ids 1-125 --concurrency 3
file:///home/ail510/tian_wenyao/projects/luup/src/store/store.ts:412
    lock.exec("PRAGMA busy_timeout = 0; BEGIN EXCLUSIVE");
         ^

Error: database is locked
    at acquireLock (file:///home/ail510/tian_wenyao/projects/luup/src/store/store.ts:412:10)
    at new[batch] 6/125 s3 q7 | passed | 113.8s
[batch] 7/125 s1 q8 | failed | 149.1s | run review_rejected
[batch] 8/125 s2 q4 | failed | 383.2s | run failed
[batch] 9/125 s3 q9 | failed | 170.9s | run review_rejected
[batch] 10/125 s2 q11 | failed | 118.5s | run failed
[batch] 11/125 s3 q12 | passed | 117.8s
[batch] 12/125 s2 q13 | passed | 119.9s
[batch] 13/125 s1 q10 | passed | 279.2s
[batch] 14/125 s1 q16 | failed | 46.9s | run failed
[batch] 15/125 s3 q14 | failed | 173.2s | run review_rejected
[batch] 16/125 s1 q17 | failed | 147.7s | run review_rejected
[batch] 17/125 s2 q15 | passed | 198.9s
[batch] 18/125 s3 q18 | passed | 100.3s
[batch] 19/125 s1 q19 | failed | 137.8s | run failed
[batch] 20/125 s2 q20 | failed | 144.7s | run review_rejected
[batch] 21/125 s3 q21 | failed | 126.1s | run failed
[batch] 22/125 s1 q22 | passed | 127.4s
[batch] 23/125 s3 q24 | passed | 120.2s
[batch] 24/125 s2 q23 | passed | 178.8s
[batch] 25/125 s3 q26 | passed | 111.2s
[batch] 26/125 s1 q25 | failed | 164.1s | run review_rejected
[batch] 27/125 s2 q27 | passed | 147.0s
[batch] 28/125 s3 q28 | failed | 151.4s | run review_rejected
[batch] 29/125 s2 q30 | passed | 107.6s
[batch] 30/125 s2 q32 | failed | 38.5s | run failed
[batch] 31/125 s1 q29 | failed | 212.5s | run review_rejected
[batch] 32/125 s3 q31 | passed | 172.1s
[batch] 33/125 s1 q34 | failed | 160.6s | run review_rejected
[batch] 34/125 s1 q36 | failed | 45.9s | run failed
[batch] 35/125 s3 q35 | passed | 228.0s
[batch] 36/125 s2 q33 | failed | 382.6s | run review_rejected
[batch] 37/125 s1 q37 | failed | 211.7s | run review_rejected
[batch] 38/125 s3 q38 | failed | 146.8s | run review_rejected
[batch] 39/125 s2 q39 | failed | 185.1s | run review_rejected
[batch] 40/125 s1 q40 | passed | 133.5s
[ELIFECYCLE] Command failed.
