$ node --env-file-if-exists=.env --experimental-strip-types src/batch/runner.ts --ids 1-125 --concurrency 3
.env not found. Continuing without it.
[batch] 1/125 s1 q1 | failed | 134.8s | run failed
[batch] 2/125 s3 q3 | failed | 163.2s | run review_rejected
[batch] 3/125 s2 q2 | failed | 220.6s | run failed
[batch] 4/125 s1 q4 | passed | 200.6s
[batch] 5/125 s2 q6 | failed | 163.9s | run review_rejected
[batch] 6/125 s3 q5 | failed | 279.0s | run failed
[batch] 7/125 s1 q7 | failed | 167.7s | run review_rejected
[batch] 8/125 s2 q8 | passed | 120.3s
[batch] 9/125 s3 q9 | passed | 146.1s
[batch] 10/125 s2 q11 | passed | 146.5s
[batch] 11/125 s3 q12 | failed | 89.1s | run failed
[batch] 12/125 s2 q13 | failed | 131.9s | run failed
[batch] 13/125 s3 q14 | failed | 178.4s | run review_rejected
[batch] 14/125 s1 q10 | failed | 407.6s | run failed
[batch] 15/125 s1 q17 | passed | 116.6s
[batch] 16/125 s2 q15 | failed | 251.0s | run failed
[batch] 17/125 s3 q16 | failed | 191.7s | run review_rejected
[batch] 18/125 s1 q18 | failed | 142.8s | run review_rejected
[batch] 19/125 s3 q20 | passed | 144.4s
[batch] 20/125 s2 q19 | failed | 395.3s | run failed
[batch] 21/125 s1 q21 | failed | 295.4s | run review_rejected
[ELIFECYCLE] Command failed.
